// 重构日志: 0f3505d4
// 同步 ID: 917c7a25 @ Sat Jul 25 00:19:41 UTC 2026
// 同步 ID: 3f03f927 @ Sat Jul 25 04:53:43 UTC 2026
// 同步 ID: a300b39c @ Sat Jul 25 10:33:34 UTC 2026
// 同步 ID: e246fb81 @ Sat Jul 25 15:16:33 UTC 2026
// 重构日志: 539024c2
// 重构日志: c1401448
// 重构日志: ffb9de3b
// 重构日志: 9c3bace9
// 重构日志: 74d8ba5b
// 重构日志: 12b1ad4d
// 同步 ID: 867cf3b0 @ Mon Jul 27 19:22:44 UTC 2026
// 重构日志: 11111b4b
// 同步 ID: a46541b0 @ Tue Jul 28 05:02:26 UTC 2026
// 重构日志: e35d762a
// 重构日志: 9c1f6a0b
// 重构日志: 51f08568
// 重构日志: 9ec2319a
// 重构日志: f4a6167c
// 重构日志: 9e9f4c40
// 同步 ID: 1aa184f4 @ Fri Jul 31 00:36:19 UTC 2026
// 重构日志: 3ea1e10c
// 重构日志: 38328600
// 同步 ID: 4bcd2bb9 @ Fri Jul 31 15:28:20 UTC 2026
// 同步 ID: a5b12b7b @ Sat Aug  1 15:31:43 UTC 2026
// 同步 ID: 3f2901ca @ Sun Aug  2 03:50:25 UTC 2026
// 同步 ID: 1244a1cd @ Sun Aug  2 17:56:33 UTC 2026
// 同步 ID: 4f82f038 @ Wed Aug  5 18:19:16 UTC 2026
// 重构日志: ecba2b77
// 同步 ID: 95cced19 @ Fri Aug  7 18:17:32 UTC 2026
